2025-06-01 01:23:14 
2025-06-01 01:23:14 OOM command not allowed when used memory > 'maxmemory'. script: cb827dabea2a23ef3e22d2d1adaf1ee278fc48d9, on @user_script:1.
2025-06-01 01:23:14 
